// Jest Snapshot v1, https://goo.gl/fbAQLP

exports[`codegen element 1`] = `
"import { toDisplayString as _toDisplayString, createElementBlock as _createElementBlock } from \\"vue\\"
return function render(_ctx, _cache) {return _createElementBlock(\\"div\\", null, 'hi, ' + _toDisplayString(_ctx.message))}"
`;

exports[`codegen element 2`] = `
"import { createElementBlock as _createElementBlock, toDisplayString as _toDisplayString } from \\"vue\\"
return function render(_ctx, _cache) {return _createElementBlock(\\"div\\")}"
`;

exports[`codegen interpolation 1`] = `
"import { toDisplayString as _toDisplayString } from \\"vue\\"
return function render(_ctx, _cache) {return _toDisplayString(_ctx.message)}"
`;

exports[`codegen string 1`] = `
"
return function render(_ctx, _cache) {return 'hi'}"
`;
